
> dabzo-v2@0.1.0 build
> next build

▲ Next.js 16.2.6 (Turbopack)
- Environments: .env.local

  Creating an optimized production build ...
✓ Compiled successfully in 3.2s
  Running TypeScript ...
Failed to type check.

./src/app/(admin)/admin/orders/page.tsx:82:30
Type error: This comparison appears to be unintentional because the types '"11am" | "8pm"' and '"8am"' have no overlap.

  [90m80 |[0m             [90m// Assume preference from sub if available, else default[0m
  [90m81 |[0m             [36mconst[0m scheduledSlot = mealType === [32m'lunch'[0m ? [32m'11am'[0m : [32m'8pm'[0m; 
[31m[1m>[0m [90m82 |[0m             [36mconst[0m slotHour = scheduledSlot === [32m'8am'[0m ? [35m8[0m : scheduledSlot === [32m'11am'[0m ? [35m11[0m :.[35m..[0m
  [90m   |[0m                              [31m[1m^[0m
  [90m83 |[0m             [36mconst[0m slotDate = [36mnew[0m [33mDate[0m(targetDate);
  [90m84 |[0m             slotDate.setHours(slotHour, [35m0[0m, [35m0[0m, [35m0[0m);
  [90m85 |[0m             
Next.js build worker exited with code: 1 and signal: null
